---
source: crates/core_stopwatch/src/lib.rs
expression: output
---
(
    stopwatches: [
        (
            title: None,
            started: "2023-02-01T10:10:10Z",
            elasped_since_last_pause: 0,
            is_paused: true,
            provider_for_now: (),
        ),
        (
            title: None,
            started: "2023-02-02T10:10:10Z",
            elasped_since_last_pause: 0,
            is_paused: true,
            provider_for_now: (),
        ),
    ],
)
